<?xml version="1.0" encoding="utf-8"?>
<TestRun id="5aa1ce0f-ad38-483a-a0c1-92e5f1e24eb5" name="mstep2@VOLKI 2022-06-15 22:08:48" runUser="SOFTSERVE\mstep2" xmlns="http://microsoft.com/schemas/VisualStudio/TeamTest/2010">
  <Times creation="2022-06-15T22:08:48.5394827+03:00" queuing="2022-06-15T22:08:48.5394839+03:00" start="2022-06-15T22:08:47.0972558+03:00" finish="2022-06-15T22:08:48.5870796+03:00" />
  <TestSettings name="default" id="5c9357ca-5bb6-4ec2-92a6-d49224295872">
    <Deployment runDeploymentRoot="mstep2_VOLKI_2022-06-15_22_08_48" />
  </TestSettings>
  <Results>
    <UnitTestResult executionId="3c3b7122-f019-4650-8138-a7cfdd801e00" testId="2acdf351-dad1-e86f-f81f-40c5bc8a9383" testName="TestBuildQuery_InvalidColumnPassed_BuildsQueryWithoutInvalidColumn(&quot;&quot;)" computerName="VOLKI" duration="00:00:00.0000530" startTime="2022-06-15T22:08:48.4380895+03:00" endTime="2022-06-15T22:08:48.4381424+03:00" testType="13cdc9d9-ddb5-4fa4-a97d-d965ccfc6d4b" outcome="Passed" testListId="8c84fa94-04c1-424b-9868-57a2d4851a1d" relativeResultsDirectory="3c3b7122-f019-4650-8138-a7cfdd801e00" />
    <UnitTestResult executionId="abab469f-619a-49d4-86bc-ee6339c65db7" testId="eeae923d-c979-bc3b-d9d4-011a3a024faf" testName="TestHandle_NoFormFieldGuidsProvided_ReturnsEmptyCollectionWithoutCreatingUow" computerName="VOLKI" duration="00:00:00.0016910" startTime="2022-06-15T22:08:48.3967414+03:00" endTime="2022-06-15T22:08:48.3984322+03:00" testType="13cdc9d9-ddb5-4fa4-a97d-d965ccfc6d4b" outcome="Passed" testListId="8c84fa94-04c1-424b-9868-57a2d4851a1d" relativeResultsDirectory="abab469f-619a-49d4-86bc-ee6339c65db7" />
    <UnitTestResult executionId="5a399c19-d17b-4db2-a943-9cb99e0b46ff" testId="c73b662c-e73c-e66c-a0d9-760752d6187c" testName="TestBuildQuery_InvalidColumnPassed_BuildsQueryWithoutInvalidColumn(null)" computerName="VOLKI" duration="00:00:00.0001910" startTime="2022-06-15T22:08:48.4378892+03:00" endTime="2022-06-15T22:08:48.4380796+03:00" testType="13cdc9d9-ddb5-4fa4-a97d-d965ccfc6d4b" outcome="Passed" testListId="8c84fa94-04c1-424b-9868-57a2d4851a1d" relativeResultsDirectory="5a399c19-d17b-4db2-a943-9cb99e0b46ff" />
    <UnitTestResult executionId="d2774d18-c60c-4dc4-8f90-a5cc63d06726" testId="c39d9f53-6eb6-d52f-2b72-61c2c8e70725" testName="TestHandle_ReturnsFormFieldsBasedOnQueryPlanType(Requisition,2)" computerName="VOLKI" duration="00:00:00.0005520" startTime="2022-06-15T22:08:48.4069296+03:00" endTime="2022-06-15T22:08:48.4074813+03:00" testType="13cdc9d9-ddb5-4fa4-a97d-d965ccfc6d4b" outcome="Passed" testListId="8c84fa94-04c1-424b-9868-57a2d4851a1d" relativeResultsDirectory="d2774d18-c60c-4dc4-8f90-a5cc63d06726" />
    <UnitTestResult executionId="4b7cf5b4-36e0-4583-a0d9-36bed07bf26f" testId="4d682b87-65e1-2c5d-a242-142aa9aa089e" testName="TestDispatch_CallsServiceProviderWithCorrectGenericType" computerName="VOLKI" duration="00:00:00.0503720" startTime="2022-06-15T22:08:48.3163749+03:00" endTime="2022-06-15T22:08:48.3667451+03:00" testType="13cdc9d9-ddb5-4fa4-a97d-d965ccfc6d4b" outcome="Passed" testListId="8c84fa94-04c1-424b-9868-57a2d4851a1d" relativeResultsDirectory="4b7cf5b4-36e0-4583-a0d9-36bed07bf26f" />
    <UnitTestResult executionId="2eb3d073-af50-4160-a1e2-c479fc5b6cea" testId="b054c529-de88-bee1-4a2a-69de2e91c272" testName="TestHandle_ReturnsFormFieldsBasedOnQueryPlanType(Substitution,3)" computerName="VOLKI" duration="00:00:00.0005440" startTime="2022-06-15T22:08:48.4074929+03:00" endTime="2022-06-15T22:08:48.4080361+03:00" testType="13cdc9d9-ddb5-4fa4-a97d-d965ccfc6d4b" outcome="Passed" testListId="8c84fa94-04c1-424b-9868-57a2d4851a1d" relativeResultsDirectory="2eb3d073-af50-4160-a1e2-c479fc5b6cea" />
    <UnitTestResult executionId="dfae2e74-4e01-40d5-b5db-dd5d1010c536" testId="4c3d1fe3-8230-bcf6-b3d9-cc294eda1e41" testName="TestDispatch_ReturnsResultProvidedByHandleMethod" computerName="VOLKI" duration="00:00:00.0040679" startTime="2022-06-15T22:08:48.3667876+03:00" endTime="2022-06-15T22:08:48.3708542+03:00" testType="13cdc9d9-ddb5-4fa4-a97d-d965ccfc6d4b" outcome="Passed" testListId="8c84fa94-04c1-424b-9868-57a2d4851a1d" relativeResultsDirectory="dfae2e74-4e01-40d5-b5db-dd5d1010c536" />
    <UnitTestResult executionId="d2ca2793-99fb-442b-b179-8040ccf623b8" testId="5e93748e-adeb-0207-03d5-d6e93ae6f6fd" testName="TestHandle_ReturnsFormFieldsBasedOnQueryPlanType(FundingRelease,1)" computerName="VOLKI" duration="00:00:00.0006160" startTime="2022-06-15T22:08:48.4062827+03:00" endTime="2022-06-15T22:08:48.4068986+03:00" testType="13cdc9d9-ddb5-4fa4-a97d-d965ccfc6d4b" outcome="Passed" testListId="8c84fa94-04c1-424b-9868-57a2d4851a1d" relativeResultsDirectory="d2ca2793-99fb-442b-b179-8040ccf623b8" />
    <UnitTestResult executionId="f69b9e7f-b4af-40a6-bdeb-4bf8745960f6" testId="bfbfdc96-fd52-c72b-dced-b9735d246988" testName="TestHandle_HasMatchingFormFields_CallsMapperWithMatchingFormFields" computerName="VOLKI" duration="00:00:00.0253850" startTime="2022-06-15T22:08:48.3713160+03:00" endTime="2022-06-15T22:08:48.3966986+03:00" testType="13cdc9d9-ddb5-4fa4-a97d-d965ccfc6d4b" outcome="Passed" testListId="8c84fa94-04c1-424b-9868-57a2d4851a1d" relativeResultsDirectory="f69b9e7f-b4af-40a6-bdeb-4bf8745960f6" />
    <UnitTestResult executionId="d6f85d1b-68d8-4cac-be42-c0f13922c0b8" testId="d72573ca-a4bd-bec3-0247-6f8c7a214bad" testName="TestHandle_ReturnsCorrectlyMappedResults" computerName="VOLKI" duration="00:00:00.0042770" startTime="2022-06-15T22:08:48.4285013+03:00" endTime="2022-06-15T22:08:48.4327760+03:00" testType="13cdc9d9-ddb5-4fa4-a97d-d965ccfc6d4b" outcome="Passed" testListId="8c84fa94-04c1-424b-9868-57a2d4851a1d" relativeResultsDirectory="d6f85d1b-68d8-4cac-be42-c0f13922c0b8" />
    <UnitTestResult executionId="6e6d3bb2-d2e7-4797-88d7-f2a90eadc45c" testId="a5f612e9-8876-6176-e3e3-04646c17ac61" testName="TestGetProjectsByPoolNameAsync_CallsDispatcherWithCorrectQuery" computerName="VOLKI" duration="00:00:00.1531530" startTime="2022-06-15T22:08:48.1568243+03:00" endTime="2022-06-15T22:08:48.3098655+03:00" testType="13cdc9d9-ddb5-4fa4-a97d-d965ccfc6d4b" outcome="Passed" testListId="8c84fa94-04c1-424b-9868-57a2d4851a1d" relativeResultsDirectory="6e6d3bb2-d2e7-4797-88d7-f2a90eadc45c" />
    <UnitTestResult executionId="6d79167b-1a0a-4d15-b90f-f079e2676263" testId="44a57cfc-ae88-9514-f4ec-a684a80780d8" testName="TestHandle_ReturnsFormFieldsBasedOnQueryPlanType(Project,0)" computerName="VOLKI" duration="00:00:00.0057820" startTime="2022-06-15T22:08:48.4004661+03:00" endTime="2022-06-15T22:08:48.4062462+03:00" testType="13cdc9d9-ddb5-4fa4-a97d-d965ccfc6d4b" outcome="Passed" testListId="8c84fa94-04c1-424b-9868-57a2d4851a1d" relativeResultsDirectory="6d79167b-1a0a-4d15-b90f-f079e2676263" />
    <UnitTestResult executionId="bdb6ce12-b3fc-47e9-abb4-ddf369240a22" testId="6c9c6e44-55e4-8dc3-7b04-cc2875ea1880" testName="TestBuildQuery_SingleColumn_BuildsQueryWithOneColumn" computerName="VOLKI" duration="00:00:00.0001260" startTime="2022-06-15T22:08:48.4384592+03:00" endTime="2022-06-15T22:08:48.4385852+03:00" testType="13cdc9d9-ddb5-4fa4-a97d-d965ccfc6d4b" outcome="Passed" testListId="8c84fa94-04c1-424b-9868-57a2d4851a1d" relativeResultsDirectory="bdb6ce12-b3fc-47e9-abb4-ddf369240a22" />
    <UnitTestResult executionId="d7d24dc6-c7f8-485d-8475-3b75e3a1af2f" testId="7e81c160-5213-bfec-14ea-8ee78ec5ed6b" testName="TestBuildQuery_FilterProvided_BuildsQueryWithFilterCondition" computerName="VOLKI" duration="00:00:00.0049500" startTime="2022-06-15T22:08:48.4328995+03:00" endTime="2022-06-15T22:08:48.4378477+03:00" testType="13cdc9d9-ddb5-4fa4-a97d-d965ccfc6d4b" outcome="Passed" testListId="8c84fa94-04c1-424b-9868-57a2d4851a1d" relativeResultsDirectory="d7d24dc6-c7f8-485d-8475-3b75e3a1af2f" />
    <UnitTestResult executionId="ca38d7cc-0247-4b8e-9e09-eb78073e45b1" testId="978b5cb5-c9aa-ea4b-2011-033aa5fa9870" testName="TestBuildQuery_InvalidColumnPassed_BuildsQueryWithoutInvalidColumn(&quot;Name&quot;)" computerName="VOLKI" duration="00:00:00.0000470" startTime="2022-06-15T22:08:48.4382037+03:00" endTime="2022-06-15T22:08:48.4382507+03:00" testType="13cdc9d9-ddb5-4fa4-a97d-d965ccfc6d4b" outcome="Passed" testListId="8c84fa94-04c1-424b-9868-57a2d4851a1d" relativeResultsDirectory="ca38d7cc-0247-4b8e-9e09-eb78073e45b1" />
    <UnitTestResult executionId="d1b5489c-ade3-4e1c-97b4-274d8799f5b2" testId="815d1e2d-3b65-6e7c-6254-8451daf615dd" testName="TestHandle_NoMatchingFormFields_ReturnsEmptyCollection" computerName="VOLKI" duration="00:00:00.0013660" startTime="2022-06-15T22:08:48.3984499+03:00" endTime="2022-06-15T22:08:48.3998150+03:00" testType="13cdc9d9-ddb5-4fa4-a97d-d965ccfc6d4b" outcome="Passed" testListId="8c84fa94-04c1-424b-9868-57a2d4851a1d" relativeResultsDirectory="d1b5489c-ade3-4e1c-97b4-274d8799f5b2" />
    <UnitTestResult executionId="4acb5f86-df67-4648-b1b6-3924b4b0bbef" testId="8f0d4a6b-4563-3515-11c2-9c0779e2e6c1" testName="TestHandle_ExecutesSqlQueryWithColumnsBasedOnFormFields" computerName="VOLKI" duration="00:00:00.0026650" startTime="2022-06-15T22:08:48.4190507+03:00" endTime="2022-06-15T22:08:48.4217135+03:00" testType="13cdc9d9-ddb5-4fa4-a97d-d965ccfc6d4b" outcome="Passed" testListId="8c84fa94-04c1-424b-9868-57a2d4851a1d" relativeResultsDirectory="4acb5f86-df67-4648-b1b6-3924b4b0bbef" />
    <UnitTestResult executionId="17103f19-f386-4ed9-b714-1539b77c8153" testId="76e558e1-ddd1-65da-eaf9-34438514b359" testName="TestBuildQuery_InvalidColumnPassed_BuildsQueryWithoutInvalidColumn(&quot;    &quot;)" computerName="VOLKI" duration="00:00:00.0000480" startTime="2022-06-15T22:08:48.4381494+03:00" endTime="2022-06-15T22:08:48.4381973+03:00" testType="13cdc9d9-ddb5-4fa4-a97d-d965ccfc6d4b" outcome="Passed" testListId="8c84fa94-04c1-424b-9868-57a2d4851a1d" relativeResultsDirectory="17103f19-f386-4ed9-b714-1539b77c8153" />
    <UnitTestResult executionId="aa5b37d6-02de-436d-b6d6-f5b9b0c21514" testId="09bd8ca0-7d8c-59bc-58b5-f87b06670cca" testName="TestBuildQuery_MultipleColumns_BuildsQueryWithAllColumnsIncluded" computerName="VOLKI" duration="00:00:00.0001610" startTime="2022-06-15T22:08:48.4382892+03:00" endTime="2022-06-15T22:08:48.4384501+03:00" testType="13cdc9d9-ddb5-4fa4-a97d-d965ccfc6d4b" outcome="Passed" testListId="8c84fa94-04c1-424b-9868-57a2d4851a1d" relativeResultsDirectory="aa5b37d6-02de-436d-b6d6-f5b9b0c21514" />
    <UnitTestResult executionId="04ce0d1f-2d83-459f-abbd-c581997f9df5" testId="b1cf3c7c-f7eb-7629-8308-94d98a2532a3" testName="TestHandle_PoolNameFilterPassed_ExecutesSqlQueryWithNoParameters" computerName="VOLKI" duration="00:00:00.0024730" startTime="2022-06-15T22:08:48.4260045+03:00" endTime="2022-06-15T22:08:48.4284750+03:00" testType="13cdc9d9-ddb5-4fa4-a97d-d965ccfc6d4b" outcome="Passed" testListId="8c84fa94-04c1-424b-9868-57a2d4851a1d" relativeResultsDirectory="04ce0d1f-2d83-459f-abbd-c581997f9df5" />
    <UnitTestResult executionId="48723036-fe85-4abd-aa4b-df3958796fc0" testId="cc8eb9d2-f2d3-f5d8-d299-7a262344496b" testName="TestHandle_CallsDispatcherWithGetFormFieldDetailsQuery" computerName="VOLKI" duration="00:00:00.0102010" startTime="2022-06-15T22:08:48.4088289+03:00" endTime="2022-06-15T22:08:48.4190296+03:00" testType="13cdc9d9-ddb5-4fa4-a97d-d965ccfc6d4b" outcome="Passed" testListId="8c84fa94-04c1-424b-9868-57a2d4851a1d" relativeResultsDirectory="48723036-fe85-4abd-aa4b-df3958796fc0" />
    <UnitTestResult executionId="15f3c755-6732-478a-9218-6a3bc76474db" testId="b2e86566-4bac-7392-5622-2501508a64c7" testName="TestHandle_NoFilterPassed_ExecutesSqlQueryWithNoParameters" computerName="VOLKI" duration="00:00:00.0022210" startTime="2022-06-15T22:08:48.4237634+03:00" endTime="2022-06-15T22:08:48.4259820+03:00" testType="13cdc9d9-ddb5-4fa4-a97d-d965ccfc6d4b" outcome="Passed" testListId="8c84fa94-04c1-424b-9868-57a2d4851a1d" relativeResultsDirectory="15f3c755-6732-478a-9218-6a3bc76474db" />
    <UnitTestResult executionId="02559923-a609-4baf-96b8-2c57c808f4c3" testId="767c9c64-b981-469e-ac43-22280f09fcd2" testName="TestHandle_ExecutesSqlQueryWithDefaultColumns" computerName="VOLKI" duration="00:00:00.0020130" startTime="2022-06-15T22:08:48.4217343+03:00" endTime="2022-06-15T22:08:48.4237456+03:00" testType="13cdc9d9-ddb5-4fa4-a97d-d965ccfc6d4b" outcome="Passed" testListId="8c84fa94-04c1-424b-9868-57a2d4851a1d" relativeResultsDirectory="02559923-a609-4baf-96b8-2c57c808f4c3" />
    <UnitTestResult executionId="09e1ac10-c0e4-43c1-b988-3cfbf2afde64" testId="cac40007-1a0c-8d46-8c56-94d5ccfd6aa0" testName="TestGetProjectsByPoolNameAsync_PassedNullFormFieldCollection_SuppliesEmptyCollectionToQuery" computerName="VOLKI" duration="00:00:00.0018840" startTime="2022-06-15T22:08:48.3117212+03:00" endTime="2022-06-15T22:08:48.3136032+03:00" testType="13cdc9d9-ddb5-4fa4-a97d-d965ccfc6d4b" outcome="Passed" testListId="8c84fa94-04c1-424b-9868-57a2d4851a1d" relativeResultsDirectory="09e1ac10-c0e4-43c1-b988-3cfbf2afde64" />
  </Results>
  <TestDefinitions>
    <UnitTest name="TestHandle_ExecutesSqlQueryWithDefaultColumns" storage="c:\users\mstep2.softserve\source\repos\planning-capital\tests\strata.planning.capital.test.unit\bin\debug\netcoreapp3.1\strata.planning.capital.test.unit.dll" id="767c9c64-b981-469e-ac43-22280f09fcd2">
      <Execution id="02559923-a609-4baf-96b8-2c57c808f4c3" />
      <TestMethod codeBase="C:\Users\mstep2.SOFTSERVE\source\repos\planning-capital\tests\Strata.Planning.Capital.Test.Unit\bin\Debug\netcoreapp3.1\Strata.Planning.Capital.Test.Unit.dll" adapterTypeName="executor://nunit3testexecutor/" className="Strata.Planning.Capital.Test.Unit.Biz.Projects.Queries.GetProjectsWithDynamicColumnsQueryHandlerTests" name="TestHandle_ExecutesSqlQueryWithDefaultColumns" />
    </UnitTest>
    <UnitTest name="TestHandle_NoMatchingFormFields_ReturnsEmptyCollection" storage="c:\users\mstep2.softserve\source\repos\planning-capital\tests\strata.planning.capital.test.unit\bin\debug\netcoreapp3.1\strata.planning.capital.test.unit.dll" id="815d1e2d-3b65-6e7c-6254-8451daf615dd">
      <Execution id="d1b5489c-ade3-4e1c-97b4-274d8799f5b2" />
      <TestMethod codeBase="C:\Users\mstep2.SOFTSERVE\source\repos\planning-capital\tests\Strata.Planning.Capital.Test.Unit\bin\Debug\netcoreapp3.1\Strata.Planning.Capital.Test.Unit.dll" adapterTypeName="executor://nunit3testexecutor/" className="Strata.Planning.Capital.Test.Unit.Biz.Forms.Queries.GetFormFieldDetailsQueryHandlerTests" name="TestHandle_NoMatchingFormFields_ReturnsEmptyCollection" />
    </UnitTest>
    <UnitTest name="TestBuildQuery_InvalidColumnPassed_BuildsQueryWithoutInvalidColumn(null)" storage="c:\users\mstep2.softserve\source\repos\planning-capital\tests\strata.planning.capital.test.unit\bin\debug\netcoreapp3.1\strata.planning.capital.test.unit.dll" id="c73b662c-e73c-e66c-a0d9-760752d6187c">
      <Execution id="5a399c19-d17b-4db2-a943-9cb99e0b46ff" />
      <TestMethod codeBase="C:\Users\mstep2.SOFTSERVE\source\repos\planning-capital\tests\Strata.Planning.Capital.Test.Unit\bin\Debug\netcoreapp3.1\Strata.Planning.Capital.Test.Unit.dll" adapterTypeName="executor://nunit3testexecutor/" className="Strata.Planning.Capital.Test.Unit.Biz.Projects.Queries.ProjectQueryBuilderTests" name="TestBuildQuery_InvalidColumnPassed_BuildsQueryWithoutInvalidColumn(null)" />
    </UnitTest>
    <UnitTest name="TestHandle_ReturnsFormFieldsBasedOnQueryPlanType(Requisition,2)" storage="c:\users\mstep2.softserve\source\repos\planning-capital\tests\strata.planning.capital.test.unit\bin\debug\netcoreapp3.1\strata.planning.capital.test.unit.dll" id="c39d9f53-6eb6-d52f-2b72-61c2c8e70725">
      <Execution id="d2774d18-c60c-4dc4-8f90-a5cc63d06726" />
      <TestMethod codeBase="C:\Users\mstep2.SOFTSERVE\source\repos\planning-capital\tests\Strata.Planning.Capital.Test.Unit\bin\Debug\netcoreapp3.1\Strata.Planning.Capital.Test.Unit.dll" adapterTypeName="executor://nunit3testexecutor/" className="Strata.Planning.Capital.Test.Unit.Biz.Forms.Queries.GetFormFieldsQueryHandlerTests" name="TestHandle_ReturnsFormFieldsBasedOnQueryPlanType(Requisition,2)" />
    </UnitTest>
    <UnitTest name="TestHandle_HasMatchingFormFields_CallsMapperWithMatchingFormFields" storage="c:\users\mstep2.softserve\source\repos\planning-capital\tests\strata.planning.capital.test.unit\bin\debug\netcoreapp3.1\strata.planning.capital.test.unit.dll" id="bfbfdc96-fd52-c72b-dced-b9735d246988">
      <Execution id="f69b9e7f-b4af-40a6-bdeb-4bf8745960f6" />
      <TestMethod codeBase="C:\Users\mstep2.SOFTSERVE\source\repos\planning-capital\tests\Strata.Planning.Capital.Test.Unit\bin\Debug\netcoreapp3.1\Strata.Planning.Capital.Test.Unit.dll" adapterTypeName="executor://nunit3testexecutor/" className="Strata.Planning.Capital.Test.Unit.Biz.Forms.Queries.GetFormFieldDetailsQueryHandlerTests" name="TestHandle_HasMatchingFormFields_CallsMapperWithMatchingFormFields" />
    </UnitTest>
    <UnitTest name="TestGetProjectsByPoolNameAsync_CallsDispatcherWithCorrectQuery" storage="c:\users\mstep2.softserve\source\repos\planning-capital\tests\strata.planning.capital.test.unit\bin\debug\netcoreapp3.1\strata.planning.capital.test.unit.dll" id="a5f612e9-8876-6176-e3e3-04646c17ac61">
      <Execution id="6e6d3bb2-d2e7-4797-88d7-f2a90eadc45c" />
      <TestMethod codeBase="C:\Users\mstep2.SOFTSERVE\source\repos\planning-capital\tests\Strata.Planning.Capital.Test.Unit\bin\Debug\netcoreapp3.1\Strata.Planning.Capital.Test.Unit.dll" adapterTypeName="executor://nunit3testexecutor/" className="Strata.Planning.Capital.Test.Unit.Api.Controllers.ProjectControllerTests" name="TestGetProjectsByPoolNameAsync_CallsDispatcherWithCorrectQuery" />
    </UnitTest>
    <UnitTest name="TestHandle_PoolNameFilterPassed_ExecutesSqlQueryWithNoParameters" storage="c:\users\mstep2.softserve\source\repos\planning-capital\tests\strata.planning.capital.test.unit\bin\debug\netcoreapp3.1\strata.planning.capital.test.unit.dll" id="b1cf3c7c-f7eb-7629-8308-94d98a2532a3">
      <Execution id="04ce0d1f-2d83-459f-abbd-c581997f9df5" />
      <TestMethod codeBase="C:\Users\mstep2.SOFTSERVE\source\repos\planning-capital\tests\Strata.Planning.Capital.Test.Unit\bin\Debug\netcoreapp3.1\Strata.Planning.Capital.Test.Unit.dll" adapterTypeName="executor://nunit3testexecutor/" className="Strata.Planning.Capital.Test.Unit.Biz.Projects.Queries.GetProjectsWithDynamicColumnsQueryHandlerTests" name="TestHandle_PoolNameFilterPassed_ExecutesSqlQueryWithNoParameters" />
    </UnitTest>
    <UnitTest name="TestHandle_ReturnsFormFieldsBasedOnQueryPlanType(FundingRelease,1)" storage="c:\users\mstep2.softserve\source\repos\planning-capital\tests\strata.planning.capital.test.unit\bin\debug\netcoreapp3.1\strata.planning.capital.test.unit.dll" id="5e93748e-adeb-0207-03d5-d6e93ae6f6fd">
      <Execution id="d2ca2793-99fb-442b-b179-8040ccf623b8" />
      <TestMethod codeBase="C:\Users\mstep2.SOFTSERVE\source\repos\planning-capital\tests\Strata.Planning.Capital.Test.Unit\bin\Debug\netcoreapp3.1\Strata.Planning.Capital.Test.Unit.dll" adapterTypeName="executor://nunit3testexecutor/" className="Strata.Planning.Capital.Test.Unit.Biz.Forms.Queries.GetFormFieldsQueryHandlerTests" name="TestHandle_ReturnsFormFieldsBasedOnQueryPlanType(FundingRelease,1)" />
    </UnitTest>
    <UnitTest name="TestHandle_NoFormFieldGuidsProvided_ReturnsEmptyCollectionWithoutCreatingUow" storage="c:\users\mstep2.softserve\source\repos\planning-capital\tests\strata.planning.capital.test.unit\bin\debug\netcoreapp3.1\strata.planning.capital.test.unit.dll" id="eeae923d-c979-bc3b-d9d4-011a3a024faf">
      <Execution id="abab469f-619a-49d4-86bc-ee6339c65db7" />
      <TestMethod codeBase="C:\Users\mstep2.SOFTSERVE\source\repos\planning-capital\tests\Strata.Planning.Capital.Test.Unit\bin\Debug\netcoreapp3.1\Strata.Planning.Capital.Test.Unit.dll" adapterTypeName="executor://nunit3testexecutor/" className="Strata.Planning.Capital.Test.Unit.Biz.Forms.Queries.GetFormFieldDetailsQueryHandlerTests" name="TestHandle_NoFormFieldGuidsProvided_ReturnsEmptyCollectionWithoutCreatingUow" />
    </UnitTest>
    <UnitTest name="TestHandle_ReturnsFormFieldsBasedOnQueryPlanType(Substitution,3)" storage="c:\users\mstep2.softserve\source\repos\planning-capital\tests\strata.planning.capital.test.unit\bin\debug\netcoreapp3.1\strata.planning.capital.test.unit.dll" id="b054c529-de88-bee1-4a2a-69de2e91c272">
      <Execution id="2eb3d073-af50-4160-a1e2-c479fc5b6cea" />
      <TestMethod codeBase="C:\Users\mstep2.SOFTSERVE\source\repos\planning-capital\tests\Strata.Planning.Capital.Test.Unit\bin\Debug\netcoreapp3.1\Strata.Planning.Capital.Test.Unit.dll" adapterTypeName="executor://nunit3testexecutor/" className="Strata.Planning.Capital.Test.Unit.Biz.Forms.Queries.GetFormFieldsQueryHandlerTests" name="TestHandle_ReturnsFormFieldsBasedOnQueryPlanType(Substitution,3)" />
    </UnitTest>
    <UnitTest name="TestBuildQuery_SingleColumn_BuildsQueryWithOneColumn" storage="c:\users\mstep2.softserve\source\repos\planning-capital\tests\strata.planning.capital.test.unit\bin\debug\netcoreapp3.1\strata.planning.capital.test.unit.dll" id="6c9c6e44-55e4-8dc3-7b04-cc2875ea1880">
      <Execution id="bdb6ce12-b3fc-47e9-abb4-ddf369240a22" />
      <TestMethod codeBase="C:\Users\mstep2.SOFTSERVE\source\repos\planning-capital\tests\Strata.Planning.Capital.Test.Unit\bin\Debug\netcoreapp3.1\Strata.Planning.Capital.Test.Unit.dll" adapterTypeName="executor://nunit3testexecutor/" className="Strata.Planning.Capital.Test.Unit.Biz.Projects.Queries.ProjectQueryBuilderTests" name="TestBuildQuery_SingleColumn_BuildsQueryWithOneColumn" />
    </UnitTest>
    <UnitTest name="TestBuildQuery_InvalidColumnPassed_BuildsQueryWithoutInvalidColumn(&quot;&quot;)" storage="c:\users\mstep2.softserve\source\repos\planning-capital\tests\strata.planning.capital.test.unit\bin\debug\netcoreapp3.1\strata.planning.capital.test.unit.dll" id="2acdf351-dad1-e86f-f81f-40c5bc8a9383">
      <Execution id="3c3b7122-f019-4650-8138-a7cfdd801e00" />
      <TestMethod codeBase="C:\Users\mstep2.SOFTSERVE\source\repos\planning-capital\tests\Strata.Planning.Capital.Test.Unit\bin\Debug\netcoreapp3.1\Strata.Planning.Capital.Test.Unit.dll" adapterTypeName="executor://nunit3testexecutor/" className="Strata.Planning.Capital.Test.Unit.Biz.Projects.Queries.ProjectQueryBuilderTests" name="TestBuildQuery_InvalidColumnPassed_BuildsQueryWithoutInvalidColumn(&quot;&quot;)" />
    </UnitTest>
    <UnitTest name="TestDispatch_ReturnsResultProvidedByHandleMethod" storage="c:\users\mstep2.softserve\source\repos\planning-capital\tests\strata.planning.capital.test.unit\bin\debug\netcoreapp3.1\strata.planning.capital.test.unit.dll" id="4c3d1fe3-8230-bcf6-b3d9-cc294eda1e41">
      <Execution id="dfae2e74-4e01-40d5-b5db-dd5d1010c536" />
      <TestMethod codeBase="C:\Users\mstep2.SOFTSERVE\source\repos\planning-capital\tests\Strata.Planning.Capital.Test.Unit\bin\Debug\netcoreapp3.1\Strata.Planning.Capital.Test.Unit.dll" adapterTypeName="executor://nunit3testexecutor/" className="Strata.Planning.Capital.Test.Unit.Biz.Common.QueryDispatcherTests" name="TestDispatch_ReturnsResultProvidedByHandleMethod" />
    </UnitTest>
    <UnitTest name="TestBuildQuery_InvalidColumnPassed_BuildsQueryWithoutInvalidColumn(&quot;    &quot;)" storage="c:\users\mstep2.softserve\source\repos\planning-capital\tests\strata.planning.capital.test.unit\bin\debug\netcoreapp3.1\strata.planning.capital.test.unit.dll" id="76e558e1-ddd1-65da-eaf9-34438514b359">
      <Execution id="17103f19-f386-4ed9-b714-1539b77c8153" />
      <TestMethod codeBase="C:\Users\mstep2.SOFTSERVE\source\repos\planning-capital\tests\Strata.Planning.Capital.Test.Unit\bin\Debug\netcoreapp3.1\Strata.Planning.Capital.Test.Unit.dll" adapterTypeName="executor://nunit3testexecutor/" className="Strata.Planning.Capital.Test.Unit.Biz.Projects.Queries.ProjectQueryBuilderTests" name="TestBuildQuery_InvalidColumnPassed_BuildsQueryWithoutInvalidColumn(&quot;    &quot;)" />
    </UnitTest>
    <UnitTest name="TestHandle_ReturnsFormFieldsBasedOnQueryPlanType(Project,0)" storage="c:\users\mstep2.softserve\source\repos\planning-capital\tests\strata.planning.capital.test.unit\bin\debug\netcoreapp3.1\strata.planning.capital.test.unit.dll" id="44a57cfc-ae88-9514-f4ec-a684a80780d8">
      <Execution id="6d79167b-1a0a-4d15-b90f-f079e2676263" />
      <TestMethod codeBase="C:\Users\mstep2.SOFTSERVE\source\repos\planning-capital\tests\Strata.Planning.Capital.Test.Unit\bin\Debug\netcoreapp3.1\Strata.Planning.Capital.Test.Unit.dll" adapterTypeName="executor://nunit3testexecutor/" className="Strata.Planning.Capital.Test.Unit.Biz.Forms.Queries.GetFormFieldsQueryHandlerTests" name="TestHandle_ReturnsFormFieldsBasedOnQueryPlanType(Project,0)" />
    </UnitTest>
    <UnitTest name="TestHandle_ExecutesSqlQueryWithColumnsBasedOnFormFields" storage="c:\users\mstep2.softserve\source\repos\planning-capital\tests\strata.planning.capital.test.unit\bin\debug\netcoreapp3.1\strata.planning.capital.test.unit.dll" id="8f0d4a6b-4563-3515-11c2-9c0779e2e6c1">
      <Execution id="4acb5f86-df67-4648-b1b6-3924b4b0bbef" />
      <TestMethod codeBase="C:\Users\mstep2.SOFTSERVE\source\repos\planning-capital\tests\Strata.Planning.Capital.Test.Unit\bin\Debug\netcoreapp3.1\Strata.Planning.Capital.Test.Unit.dll" adapterTypeName="executor://nunit3testexecutor/" className="Strata.Planning.Capital.Test.Unit.Biz.Projects.Queries.GetProjectsWithDynamicColumnsQueryHandlerTests" name="TestHandle_ExecutesSqlQueryWithColumnsBasedOnFormFields" />
    </UnitTest>
    <UnitTest name="TestHandle_NoFilterPassed_ExecutesSqlQueryWithNoParameters" storage="c:\users\mstep2.softserve\source\repos\planning-capital\tests\strata.planning.capital.test.unit\bin\debug\netcoreapp3.1\strata.planning.capital.test.unit.dll" id="b2e86566-4bac-7392-5622-2501508a64c7">
      <Execution id="15f3c755-6732-478a-9218-6a3bc76474db" />
      <TestMethod codeBase="C:\Users\mstep2.SOFTSERVE\source\repos\planning-capital\tests\Strata.Planning.Capital.Test.Unit\bin\Debug\netcoreapp3.1\Strata.Planning.Capital.Test.Unit.dll" adapterTypeName="executor://nunit3testexecutor/" className="Strata.Planning.Capital.Test.Unit.Biz.Projects.Queries.GetProjectsWithDynamicColumnsQueryHandlerTests" name="TestHandle_NoFilterPassed_ExecutesSqlQueryWithNoParameters" />
    </UnitTest>
    <UnitTest name="TestBuildQuery_MultipleColumns_BuildsQueryWithAllColumnsIncluded" storage="c:\users\mstep2.softserve\source\repos\planning-capital\tests\strata.planning.capital.test.unit\bin\debug\netcoreapp3.1\strata.planning.capital.test.unit.dll" id="09bd8ca0-7d8c-59bc-58b5-f87b06670cca">
      <Execution id="aa5b37d6-02de-436d-b6d6-f5b9b0c21514" />
      <TestMethod codeBase="C:\Users\mstep2.SOFTSERVE\source\repos\planning-capital\tests\Strata.Planning.Capital.Test.Unit\bin\Debug\netcoreapp3.1\Strata.Planning.Capital.Test.Unit.dll" adapterTypeName="executor://nunit3testexecutor/" className="Strata.Planning.Capital.Test.Unit.Biz.Projects.Queries.ProjectQueryBuilderTests" name="TestBuildQuery_MultipleColumns_BuildsQueryWithAllColumnsIncluded" />
    </UnitTest>
    <UnitTest name="TestBuildQuery_FilterProvided_BuildsQueryWithFilterCondition" storage="c:\users\mstep2.softserve\source\repos\planning-capital\tests\strata.planning.capital.test.unit\bin\debug\netcoreapp3.1\strata.planning.capital.test.unit.dll" id="7e81c160-5213-bfec-14ea-8ee78ec5ed6b">
      <Execution id="d7d24dc6-c7f8-485d-8475-3b75e3a1af2f" />
      <TestMethod codeBase="C:\Users\mstep2.SOFTSERVE\source\repos\planning-capital\tests\Strata.Planning.Capital.Test.Unit\bin\Debug\netcoreapp3.1\Strata.Planning.Capital.Test.Unit.dll" adapterTypeName="executor://nunit3testexecutor/" className="Strata.Planning.Capital.Test.Unit.Biz.Projects.Queries.ProjectQueryBuilderTests" name="TestBuildQuery_FilterProvided_BuildsQueryWithFilterCondition" />
    </UnitTest>
    <UnitTest name="TestBuildQuery_InvalidColumnPassed_BuildsQueryWithoutInvalidColumn(&quot;Name&quot;)" storage="c:\users\mstep2.softserve\source\repos\planning-capital\tests\strata.planning.capital.test.unit\bin\debug\netcoreapp3.1\strata.planning.capital.test.unit.dll" id="978b5cb5-c9aa-ea4b-2011-033aa5fa9870">
      <Execution id="ca38d7cc-0247-4b8e-9e09-eb78073e45b1" />
      <TestMethod codeBase="C:\Users\mstep2.SOFTSERVE\source\repos\planning-capital\tests\Strata.Planning.Capital.Test.Unit\bin\Debug\netcoreapp3.1\Strata.Planning.Capital.Test.Unit.dll" adapterTypeName="executor://nunit3testexecutor/" className="Strata.Planning.Capital.Test.Unit.Biz.Projects.Queries.ProjectQueryBuilderTests" name="TestBuildQuery_InvalidColumnPassed_BuildsQueryWithoutInvalidColumn(&quot;Name&quot;)" />
    </UnitTest>
    <UnitTest name="TestHandle_ReturnsCorrectlyMappedResults" storage="c:\users\mstep2.softserve\source\repos\planning-capital\tests\strata.planning.capital.test.unit\bin\debug\netcoreapp3.1\strata.planning.capital.test.unit.dll" id="d72573ca-a4bd-bec3-0247-6f8c7a214bad">
      <Execution id="d6f85d1b-68d8-4cac-be42-c0f13922c0b8" />
      <TestMethod codeBase="C:\Users\mstep2.SOFTSERVE\source\repos\planning-capital\tests\Strata.Planning.Capital.Test.Unit\bin\Debug\netcoreapp3.1\Strata.Planning.Capital.Test.Unit.dll" adapterTypeName="executor://nunit3testexecutor/" className="Strata.Planning.Capital.Test.Unit.Biz.Projects.Queries.GetProjectsWithDynamicColumnsQueryHandlerTests" name="TestHandle_ReturnsCorrectlyMappedResults" />
    </UnitTest>
    <UnitTest name="TestHandle_CallsDispatcherWithGetFormFieldDetailsQuery" storage="c:\users\mstep2.softserve\source\repos\planning-capital\tests\strata.planning.capital.test.unit\bin\debug\netcoreapp3.1\strata.planning.capital.test.unit.dll" id="cc8eb9d2-f2d3-f5d8-d299-7a262344496b">
      <Execution id="48723036-fe85-4abd-aa4b-df3958796fc0" />
      <TestMethod codeBase="C:\Users\mstep2.SOFTSERVE\source\repos\planning-capital\tests\Strata.Planning.Capital.Test.Unit\bin\Debug\netcoreapp3.1\Strata.Planning.Capital.Test.Unit.dll" adapterTypeName="executor://nunit3testexecutor/" className="Strata.Planning.Capital.Test.Unit.Biz.Projects.Queries.GetProjectsWithDynamicColumnsQueryHandlerTests" name="TestHandle_CallsDispatcherWithGetFormFieldDetailsQuery" />
    </UnitTest>
    <UnitTest name="TestGetProjectsByPoolNameAsync_PassedNullFormFieldCollection_SuppliesEmptyCollectionToQuery" storage="c:\users\mstep2.softserve\source\repos\planning-capital\tests\strata.planning.capital.test.unit\bin\debug\netcoreapp3.1\strata.planning.capital.test.unit.dll" id="cac40007-1a0c-8d46-8c56-94d5ccfd6aa0">
      <Execution id="09e1ac10-c0e4-43c1-b988-3cfbf2afde64" />
      <TestMethod codeBase="C:\Users\mstep2.SOFTSERVE\source\repos\planning-capital\tests\Strata.Planning.Capital.Test.Unit\bin\Debug\netcoreapp3.1\Strata.Planning.Capital.Test.Unit.dll" adapterTypeName="executor://nunit3testexecutor/" className="Strata.Planning.Capital.Test.Unit.Api.Controllers.ProjectControllerTests" name="TestGetProjectsByPoolNameAsync_PassedNullFormFieldCollection_SuppliesEmptyCollectionToQuery" />
    </UnitTest>
    <UnitTest name="TestDispatch_CallsServiceProviderWithCorrectGenericType" storage="c:\users\mstep2.softserve\source\repos\planning-capital\tests\strata.planning.capital.test.unit\bin\debug\netcoreapp3.1\strata.planning.capital.test.unit.dll" id="4d682b87-65e1-2c5d-a242-142aa9aa089e">
      <Execution id="4b7cf5b4-36e0-4583-a0d9-36bed07bf26f" />
      <TestMethod codeBase="C:\Users\mstep2.SOFTSERVE\source\repos\planning-capital\tests\Strata.Planning.Capital.Test.Unit\bin\Debug\netcoreapp3.1\Strata.Planning.Capital.Test.Unit.dll" adapterTypeName="executor://nunit3testexecutor/" className="Strata.Planning.Capital.Test.Unit.Biz.Common.QueryDispatcherTests" name="TestDispatch_CallsServiceProviderWithCorrectGenericType" />
    </UnitTest>
  </TestDefinitions>
  <TestEntries>
    <TestEntry testId="2acdf351-dad1-e86f-f81f-40c5bc8a9383" executionId="3c3b7122-f019-4650-8138-a7cfdd801e00" testListId="8c84fa94-04c1-424b-9868-57a2d4851a1d" />
    <TestEntry testId="eeae923d-c979-bc3b-d9d4-011a3a024faf" executionId="abab469f-619a-49d4-86bc-ee6339c65db7" testListId="8c84fa94-04c1-424b-9868-57a2d4851a1d" />
    <TestEntry testId="c73b662c-e73c-e66c-a0d9-760752d6187c" executionId="5a399c19-d17b-4db2-a943-9cb99e0b46ff" testListId="8c84fa94-04c1-424b-9868-57a2d4851a1d" />
    <TestEntry testId="c39d9f53-6eb6-d52f-2b72-61c2c8e70725" executionId="d2774d18-c60c-4dc4-8f90-a5cc63d06726" testListId="8c84fa94-04c1-424b-9868-57a2d4851a1d" />
    <TestEntry testId="4d682b87-65e1-2c5d-a242-142aa9aa089e" executionId="4b7cf5b4-36e0-4583-a0d9-36bed07bf26f" testListId="8c84fa94-04c1-424b-9868-57a2d4851a1d" />
    <TestEntry testId="b054c529-de88-bee1-4a2a-69de2e91c272" executionId="2eb3d073-af50-4160-a1e2-c479fc5b6cea" testListId="8c84fa94-04c1-424b-9868-57a2d4851a1d" />
    <TestEntry testId="4c3d1fe3-8230-bcf6-b3d9-cc294eda1e41" executionId="dfae2e74-4e01-40d5-b5db-dd5d1010c536" testListId="8c84fa94-04c1-424b-9868-57a2d4851a1d" />
    <TestEntry testId="5e93748e-adeb-0207-03d5-d6e93ae6f6fd" executionId="d2ca2793-99fb-442b-b179-8040ccf623b8" testListId="8c84fa94-04c1-424b-9868-57a2d4851a1d" />
    <TestEntry testId="bfbfdc96-fd52-c72b-dced-b9735d246988" executionId="f69b9e7f-b4af-40a6-bdeb-4bf8745960f6" testListId="8c84fa94-04c1-424b-9868-57a2d4851a1d" />
    <TestEntry testId="d72573ca-a4bd-bec3-0247-6f8c7a214bad" executionId="d6f85d1b-68d8-4cac-be42-c0f13922c0b8" testListId="8c84fa94-04c1-424b-9868-57a2d4851a1d" />
    <TestEntry testId="a5f612e9-8876-6176-e3e3-04646c17ac61" executionId="6e6d3bb2-d2e7-4797-88d7-f2a90eadc45c" testListId="8c84fa94-04c1-424b-9868-57a2d4851a1d" />
    <TestEntry testId="44a57cfc-ae88-9514-f4ec-a684a80780d8" executionId="6d79167b-1a0a-4d15-b90f-f079e2676263" testListId="8c84fa94-04c1-424b-9868-57a2d4851a1d" />
    <TestEntry testId="6c9c6e44-55e4-8dc3-7b04-cc2875ea1880" executionId="bdb6ce12-b3fc-47e9-abb4-ddf369240a22" testListId="8c84fa94-04c1-424b-9868-57a2d4851a1d" />
    <TestEntry testId="7e81c160-5213-bfec-14ea-8ee78ec5ed6b" executionId="d7d24dc6-c7f8-485d-8475-3b75e3a1af2f" testListId="8c84fa94-04c1-424b-9868-57a2d4851a1d" />
    <TestEntry testId="978b5cb5-c9aa-ea4b-2011-033aa5fa9870" executionId="ca38d7cc-0247-4b8e-9e09-eb78073e45b1" testListId="8c84fa94-04c1-424b-9868-57a2d4851a1d" />
    <TestEntry testId="815d1e2d-3b65-6e7c-6254-8451daf615dd" executionId="d1b5489c-ade3-4e1c-97b4-274d8799f5b2" testListId="8c84fa94-04c1-424b-9868-57a2d4851a1d" />
    <TestEntry testId="8f0d4a6b-4563-3515-11c2-9c0779e2e6c1" executionId="4acb5f86-df67-4648-b1b6-3924b4b0bbef" testListId="8c84fa94-04c1-424b-9868-57a2d4851a1d" />
    <TestEntry testId="76e558e1-ddd1-65da-eaf9-34438514b359" executionId="17103f19-f386-4ed9-b714-1539b77c8153" testListId="8c84fa94-04c1-424b-9868-57a2d4851a1d" />
    <TestEntry testId="09bd8ca0-7d8c-59bc-58b5-f87b06670cca" executionId="aa5b37d6-02de-436d-b6d6-f5b9b0c21514" testListId="8c84fa94-04c1-424b-9868-57a2d4851a1d" />
    <TestEntry testId="b1cf3c7c-f7eb-7629-8308-94d98a2532a3" executionId="04ce0d1f-2d83-459f-abbd-c581997f9df5" testListId="8c84fa94-04c1-424b-9868-57a2d4851a1d" />
    <TestEntry testId="cc8eb9d2-f2d3-f5d8-d299-7a262344496b" executionId="48723036-fe85-4abd-aa4b-df3958796fc0" testListId="8c84fa94-04c1-424b-9868-57a2d4851a1d" />
    <TestEntry testId="b2e86566-4bac-7392-5622-2501508a64c7" executionId="15f3c755-6732-478a-9218-6a3bc76474db" testListId="8c84fa94-04c1-424b-9868-57a2d4851a1d" />
    <TestEntry testId="767c9c64-b981-469e-ac43-22280f09fcd2" executionId="02559923-a609-4baf-96b8-2c57c808f4c3" testListId="8c84fa94-04c1-424b-9868-57a2d4851a1d" />
    <TestEntry testId="cac40007-1a0c-8d46-8c56-94d5ccfd6aa0" executionId="09e1ac10-c0e4-43c1-b988-3cfbf2afde64" testListId="8c84fa94-04c1-424b-9868-57a2d4851a1d" />
  </TestEntries>
  <TestLists>
    <TestList name="Results Not in a List" id="8c84fa94-04c1-424b-9868-57a2d4851a1d" />
    <TestList name="All Loaded Results" id="19431567-8539-422a-85d7-44ee4e166bda" />
  </TestLists>
  <ResultSummary outcome="Completed">
    <Counters total="24" executed="24" passed="24" failed="0" error="0" timeout="0" aborted="0" inconclusive="0" passedButRunAborted="0" notRunnable="0" notExecuted="0" disconnected="0" warning="0" completed="0" inProgress="0" pending="0" />
    <Output>
      <StdOut>NUnit Adapter 4.2.0.0: Test execution started&#xD;
Running all tests in C:\Users\mstep2.SOFTSERVE\source\repos\planning-capital\tests\Strata.Planning.Capital.Test.Unit\bin\Debug\netcoreapp3.1\Strata.Planning.Capital.Test.Unit.dll&#xD;
   NUnit3TestExecutor discovered 24 of 24 NUnit test cases using Current Discovery mode, Non-Explicit run&#xD;
NUnit Adapter 4.2.0.0: Test execution complete&#xD;
</StdOut>
    </Output>
  </ResultSummary>
</TestRun>